<?xml version="1.0" encoding="UTF-8"?>
<testsuites name="jest tests" tests="15" failures="0" errors="0" time="2.571">
  <testsuite name="Footer" errors="0" failures="0" skipped="0" timestamp="2023-10-14T11:56:21" time="1.223" tests="2">
    <testcase classname="Footer" name="should render the People Icon and link" time="0.036">
    </testcase>
    <testcase classname="Footer" name="should render copyright" time="0.005">
    </testcase>
  </testsuite>
  <testsuite name="ArticleCard" errors="0" failures="0" skipped="0" timestamp="2023-10-14T11:56:21" time="1.336" tests="2">
    <testcase classname="ArticleCard" name="should render the article title and description" time="0.104">
    </testcase>
    <testcase classname="ArticleCard" name="should render the `GAMING` and `WOW` buttons" time="0.008">
    </testcase>
  </testsuite>
  <testsuite name="Header" errors="0" failures="0" skipped="0" timestamp="2023-10-14T11:56:21" time="1.607" tests="2">
    <testcase classname="Header" name="should render the menu icon and navigation on the `sm` breakpoint" time="0.188">
    </testcase>
    <testcase classname="Header" name="should render the navigation items on the `md` breakpoint" time="0.01">
    </testcase>
  </testsuite>
  <testsuite name="CommentForm" errors="0" failures="0" skipped="0" timestamp="2023-10-14T11:56:21" time="1.762" tests="3">
    <testcase classname="CommentForm" name="should render the form fields and submit button" time="0.163">
    </testcase>
    <testcase classname="CommentForm" name="should handle article selection" time="0.131">
    </testcase>
    <testcase classname="CommentForm" name="should handle comment input" time="0.036">
    </testcase>
  </testsuite>
  <testsuite name="ArticlesCatalog" errors="0" failures="0" skipped="0" timestamp="2023-10-14T11:56:21" time="2.051" tests="6">
    <testcase classname="ArticlesCatalog" name="should render the `News` title" time="0.134">
    </testcase>
    <testcase classname="ArticlesCatalog" name="should render loading skeleton cards when data is loading" time="0.023">
    </testcase>
    <testcase classname="ArticlesCatalog" name="should render article cards when data is available" time="0.043">
    </testcase>
    <testcase classname="ArticlesCatalog" name="should render the comment form fields and submit button" time="0.088">
    </testcase>
    <testcase classname="ArticlesCatalog" name="should handle article selection" time="0.087">
    </testcase>
    <testcase classname="ArticlesCatalog" name="should handle comment input" time="0.028">
    </testcase>
  </testsuite>
</testsuites>